{
 "str": "\uD834\uDF06",
 "str1": "15\u00F8C 3\u0111",
 "str2": "M\u0430\u4E8C\uD800\uDF02",
 "str3": "\u043F\u0440\u0438\u0432\u0435\u0442",
 "na": [
  0.00012,
  0.000006,
  0.000001
 ],
 "glossary": {
  "title": "example glossary",
  "GlossDiv": {
   "title": "S",
   "GlossList": {
    "GlossEntry": {
     "ID": "SGML",
     "SortAs": "SGML",
     "GlossTerm": "Standard Generalized Markup Language",
     "Acronym": "SGML",
     "Abbrev": "ISO 8879:1986",
     "GlossDef": {
      "para": "A meta-markup language, used to create markup languages such as DocBook.",
      "GlossSeeAlso": [
       "GML",
       "XML",
       true,
       false
      ]
     },
     "GlossSee": "markup"
    }
   }
  }
 }
}