{
 "foo": "b\"ar",
 "num1": 1223,
 "n\"um2": 10.1226222,
 "list": [
  3,
  2.1,
  1,
  "one",
  "two",
  {},
  {
   "z": false,
   "t": true
  }
 ]
}